../Core/Src/main.c:80:6:CAN_TX	56	static
../Core/Src/main.c:129:6:CAN_RX_Filter_init	56	static
../Core/Src/main.c:161:6:CAN_RX	56	static
../Core/Src/main.c:203:6:HAL_CAN_TxMailbox0CompleteCallback	16	static
../Core/Src/main.c:210:6:HAL_CAN_RxFifo0MsgPending	16	static
../Core/Src/main.c:222:6:HAL_CAN_ErrorCallback	16	static
../Core/Src/main.c:250:5:main	8	static
../Core/Src/main.c:323:6:SystemClock_Config	72	static
../Core/Src/main.c:360:13:MX_CAN_Init	8	static
../Core/Src/main.c:406:13:MX_GPIO_Init	16	static
../Core/Src/main.c:426:6:Error_Handler	4	static,ignoring_inline_asm
